ERROR: Connection error caused by: ConnectionError(Connection error caused by: NewConnectionError(<urllib3.connection.HTTPConnection object at 0x000002BEE60F0310>: Failed to establish a new connection: [WinError 10061] No connection could be made because the target machine actively refused it)) - at 2025-07-15-12:04:35
ERROR: Connection error caused by: ConnectionError(Connection error caused by: NewConnectionError(<urllib3.connection.HTTPConnection object at 0x00000575440F0310>: Failed to establish a new connection: [WinError 10061] No connection could be made because the target machine actively refused it)) - at 2025-07-15-12:07:00
ERROR: Connection error caused by: ConnectionError(Connection error caused by: NewConnectionError(<urllib3.connection.HTTPConnection object at 0x000003A7960F0310>: Failed to establish a new connection: [WinError 10061] No connection could be made because the target machine actively refused it)) - 2025-07-15-12:08:35
ERROR: Connection error caused by: ConnectionError(Connection error caused by: NewConnectionError(<urllib3.connection.HTTPConnection object at 0x0000055FCE0F0310>: Failed to establish a new connection: [WinError 10061] No connection could be made because the target machine actively refused it)) - 2025-07-15-12:09:21
ERROR: Connection error caused by: ConnectionError(Connection error caused by: NewConnectionError(<urllib3.connection.HTTPConnection object at 0x000005A6EE0F0310>: Failed to establish a new connection: [WinError 10061] No connection could be made because the target machine actively refused it)) - 2025-07-15-12:10:18
ERROR: Connection error caused by: ConnectionError(Connection error caused by: NewConnectionError(<urllib3.connection.HTTPConnection object at 0x0000051F440F0310>: Failed to establish a new connection: [WinError 10061] No connection could be made because the target machine actively refused it)) - 2025-07-15-12:10:36
ERROR: Connection error caused by: ConnectionError(Connection error caused by: NewConnectionError(<urllib3.connection.HTTPConnection object at 0x0000047C900F0310>: Failed to establish a new connection: [WinError 10061] No connection could be made because the target machine actively refused it)) - 2025-07-15-12:11:21
ERROR: Connection error caused by: ConnectionError(Connection error caused by: NewConnectionError(<urllib3.connection.HTTPConnection object at 0x000005A9AC0F0310>: Failed to establish a new connection: [WinError 10061] No connection could be made because the target machine actively refused it)) - 2025-07-15-12:11:44
ERROR: 'tj35' is not recognized as an internal or external command,
operable program or batch file.
 - 2025-07-15-12:11:57
ERROR: 'tj35' is not recognized as an internal or external command,
operable program or batch file.
 - 2025-07-15-12:12:20
ERROR: 'tj35' is not recognized as an internal or external command,
operable program or batch file.
 - 2025-07-15-12:12:31
ERROR: tjp_outputs/project.tjp:77: Error: Undeclared flag 'management'
        flags management
 - 2025-07-15-12:21:35
ERROR: tjp_outputs/project.tjp:2: Error: Output directory may not be empty.
}
 - 2025-07-15-13:25:26
